Adjacencias do vertice 0: (0, 0) -> (3, 0) -> (4, 1) -> (1, 5) -> (2, 10) -> NULL
Adjacencias do vertice 1: (1, 0) -> (2, 0) -> (4, 1) -> (0, 5) -> (3, 10) -> NULL
Adjacencias do vertice 2: (1, 0) -> (2, 0) -> (4, 1) -> (3, 2) -> (0, 10) -> NULL
Adjacencias do vertice 3: (0, 0) -> (3, 0) -> (4, 1) -> (2, 2) -> (1, 10) -> NULL
Adjacencias do vertice 4: (4, 0) -> (0, 1) -> (1, 1) -> (2, 1) -> (3, 1) -> NULL
Melhor caminho: 0 1 3 2 4 0 
Melhor distancia: 19