Adjacencias do vertice 0: (0, 0) -> (1, 1) -> (3, 1) -> (4, 1) -> (2, 2) -> (5, 2) -> NULL
Adjacencias do vertice 1: (1, 0) -> (0, 1) -> (3, 1) -> (5, 3) -> (4, 4) -> (2, 7) -> NULL
Adjacencias do vertice 2: (2, 0) -> (4, 1) -> (5, 1) -> (0, 2) -> (3, 3) -> (1, 7) -> NULL
Adjacencias do vertice 3: (3, 0) -> (0, 1) -> (1, 1) -> (5, 1) -> (2, 3) -> (4, 8) -> NULL
Adjacencias do vertice 4: (4, 0) -> (0, 1) -> (2, 1) -> (5, 1) -> (1, 2) -> (3, 8) -> NULL
Adjacencias do vertice 5: (5, 0) -> (2, 1) -> (3, 1) -> (4, 1) -> (0, 2) -> (1, 3) -> NULL
Melhor caminho: 0 1 3 5 2 4 0
Melhor distancia: 6