Adjacencias do vertice 0: (0, 0) -> (2, 0) -> (1, 2) -> (3, 3) -> (4, 6) -> NULL
Adjacencias do vertice 1: (1, 0) -> (4, 0) -> (0, 2) -> (3, 3) -> (2, 4) -> NULL
Adjacencias do vertice 2: (0, 0) -> (2, 0) -> (4, 3) -> (1, 4) -> (3, 7) -> NULL
Adjacencias do vertice 3: (3, 0) -> (0, 3) -> (1, 3) -> (4, 3) -> (2, 7) -> NULL
Adjacencias do vertice 4: (1, 0) -> (4, 0) -> (2, 3) -> (3, 3) -> (0, 6) -> NULL
Melhor caminho: 0 1 2 4 3 0 
Melhor distancia: 15