Adjacencias do vertice 0: (0, 0) -> (1, 1) -> (2, 1) -> (3, 3) -> NULL
Adjacencias do vertice 1: (1, 0) -> (0, 1) -> (2, 4) -> (3, 5) -> NULL
Adjacencias do vertice 2: (2, 0) -> (0, 1) -> (1, 4) -> (3, 6) -> NULL
Adjacencias do vertice 3: (3, 0) -> (0, 3) -> (1, 5) -> (2, 6) -> NULL
Melhor caminho: 0 1 3 2 0 
Melhor distancia: 13